A = ⟨ 0 → 22, 1 → 33, 2 → 100, 3 → 55, 4 → 44, 5 → 11, ⟩
D = ⟨ 11 → 5, 22 → 0, 33 → 1, 44 → 4, 55 → 3, 100 → 2, ⟩
P = ⟨ 0 → ⟨ first → 0, last → 2 ⟩, 1 → ⟨ first → 3, last → 5 ⟩, ⟩
F = ⟨ 0 → 0, 1 → 0, 2 → 0, 3 → 1, 4 → 1, 5 → 1, ⟩
CALL REFINE
A = ⟨ 0 → 22, 1 → 33, 2 → 100, 3 → 11, 4 → 44, 5 → 55, ⟩
D = ⟨ 11 → 3, 22 → 0, 33 → 1, 44 → 4, 55 → 5, 100 → 2, ⟩
P = ⟨ 0 → ⟨ first → 0, last → 0 ⟩, 1 → ⟨ first → 3, last → 4 ⟩, 2 → ⟨ first → 1, last → 2 ⟩, 3 → ⟨ first → 5, last → 5 ⟩, ⟩
F = ⟨ 0 → 0, 1 → 2, 2 → 2, 3 → 1, 4 → 1, 5 → 3, ⟩
